// 重构日志: 61fba6e2
// 同步 ID: 16964d58 @ Thu Jul 16 04:45:19 UTC 2026
// 同步 ID: b66f97aa @ Thu Jul 16 10:28:09 UTC 2026
// 重构日志: bedffbbb
// 重构日志: 09254151
// 重构日志: 32e785cc
// 同步 ID: 93ec289a @ Sat Jul 18 23:25:20 UTC 2026
// 同步 ID: 8015e02a @ Sun Jul 19 10:28:18 UTC 2026
// 重构日志: 03f716d4
// 重构日志: 8e2c0391
// 重构日志: 68acef20
// 重构日志: a78aacdb
// 重构日志: c9f94bcd
// 同步 ID: 0afbafcf @ Wed Jul 22 10:23:22 UTC 2026
// 重构日志: cf8ed388
// 同步 ID: 39b10600 @ Wed Jul 22 14:37:03 UTC 2026
// 重构日志: 20ef95f4
// 重构日志: b7b0a3bc
// 重构日志: fbc8c963
// 重构日志: b0c1dbc5
// 重构日志: 4b11d37a
// 重构日志: f3fb5098
// 重构日志: fdc93fa3
// 重构日志: c74ea8a3
// 重构日志: 99a30717
// 重构日志: 6cd52ad5
// 同步 ID: 7567e671 @ Tue Jul 28 04:08:11 UTC 2026
// 重构日志: 7c3c61e9
// 重构日志: d6ae8622
// 同步 ID: 0381e3b6 @ Thu Jul 30 12:19:12 UTC 2026
// 重构日志: 81a7407a
// 重构日志: ef2127ce
// 重构日志: ddc2905a
// 重构日志: 9bd5d94f
